

Symbols from main.elf:

Name                  Value   Class        Type         Size     Line  Section

__heap_end          |00000000|   W  |            NOTYPE|        |     |*ABS*
__TEXT_REGION_ORIGIN__|00000000|   W  |            NOTYPE|        |     |*ABS*
__tmp_reg__         |00000000|   a  |            NOTYPE|        |     |*ABS*
__vector_default    |00000000|   W  |            NOTYPE|        |     |.text	../../../../crt1/gcrt1.S:61
__vectors           |00000000|   T  |            NOTYPE|        |     |.text	../../../../crt1/gcrt1.S:61
__zero_reg__        |00000001|   a  |            NOTYPE|        |     |*ABS*
__FUSE_REGION_LENGTH__|0000000a|   A  |            NOTYPE|        |     |*ABS*
__CCP__             |00000034|   a  |            NOTYPE|        |     |*ABS*
__SP_L__            |0000003d|   a  |            NOTYPE|        |     |*ABS*
__SP_H__            |0000003e|   a  |            NOTYPE|        |     |*ABS*
__SREG__            |0000003f|   a  |            NOTYPE|        |     |*ABS*
__ctors_end         |0000007c|   T  |            NOTYPE|        |     |.text	../../../../crt1/gcrt1.S:230
__ctors_start       |0000007c|   T  |            NOTYPE|        |     |.text	../../../../crt1/gcrt1.S:230
__dtors_end         |0000007c|   T  |            NOTYPE|        |     |.text	../../../../crt1/gcrt1.S:230
__dtors_start       |0000007c|   T  |            NOTYPE|        |     |.text	../../../../crt1/gcrt1.S:230
__init              |0000007c|   W  |            NOTYPE|        |     |.text	../../../../crt1/gcrt1.S:230
__trampolines_end   |0000007c|   T  |            NOTYPE|        |     |.text	../../../../crt1/gcrt1.S:230
__trampolines_start |0000007c|   T  |            NOTYPE|        |     |.text	../../../../crt1/gcrt1.S:230
__bad_interrupt     |0000008c|   T  |            NOTYPE|        |     |.text	../../../../crt1/gcrt1.S:315
__vector_1          |0000008c|   W  |            NOTYPE|        |     |.text	../../../../crt1/gcrt1.S:315
__vector_10         |0000008c|   W  |            NOTYPE|        |     |.text	../../../../crt1/gcrt1.S:315
__vector_11         |0000008c|   W  |            NOTYPE|        |     |.text	../../../../crt1/gcrt1.S:315
__vector_12         |0000008c|   W  |            NOTYPE|        |     |.text	../../../../crt1/gcrt1.S:315
__vector_13         |0000008c|   W  |            NOTYPE|        |     |.text	../../../../crt1/gcrt1.S:315
__vector_14         |0000008c|   W  |            NOTYPE|        |     |.text	../../../../crt1/gcrt1.S:315
__vector_15         |0000008c|   W  |            NOTYPE|        |     |.text	../../../../crt1/gcrt1.S:315
__vector_16         |0000008c|   W  |            NOTYPE|        |     |.text	../../../../crt1/gcrt1.S:315
__vector_17         |0000008c|   W  |            NOTYPE|        |     |.text	../../../../crt1/gcrt1.S:315
__vector_18         |0000008c|   W  |            NOTYPE|        |     |.text	../../../../crt1/gcrt1.S:315
__vector_19         |0000008c|   W  |            NOTYPE|        |     |.text	../../../../crt1/gcrt1.S:315
__vector_2          |0000008c|   W  |            NOTYPE|        |     |.text	../../../../crt1/gcrt1.S:315
__vector_20         |0000008c|   W  |            NOTYPE|        |     |.text	../../../../crt1/gcrt1.S:315
__vector_21         |0000008c|   W  |            NOTYPE|        |     |.text	../../../../crt1/gcrt1.S:315
__vector_22         |0000008c|   W  |            NOTYPE|        |     |.text	../../../../crt1/gcrt1.S:315
__vector_23         |0000008c|   W  |            NOTYPE|        |     |.text	../../../../crt1/gcrt1.S:315
__vector_24         |0000008c|   W  |            NOTYPE|        |     |.text	../../../../crt1/gcrt1.S:315
__vector_25         |0000008c|   W  |            NOTYPE|        |     |.text	../../../../crt1/gcrt1.S:315
__vector_26         |0000008c|   W  |            NOTYPE|        |     |.text	../../../../crt1/gcrt1.S:315
__vector_27         |0000008c|   W  |            NOTYPE|        |     |.text	../../../../crt1/gcrt1.S:315
__vector_28         |0000008c|   W  |            NOTYPE|        |     |.text	../../../../crt1/gcrt1.S:315
__vector_29         |0000008c|   W  |            NOTYPE|        |     |.text	../../../../crt1/gcrt1.S:315
__vector_3          |0000008c|   W  |            NOTYPE|        |     |.text	../../../../crt1/gcrt1.S:315
__vector_30         |0000008c|   W  |            NOTYPE|        |     |.text	../../../../crt1/gcrt1.S:315
__vector_4          |0000008c|   W  |            NOTYPE|        |     |.text	../../../../crt1/gcrt1.S:315
__vector_5          |0000008c|   W  |            NOTYPE|        |     |.text	../../../../crt1/gcrt1.S:315
__vector_6          |0000008c|   W  |            NOTYPE|        |     |.text	../../../../crt1/gcrt1.S:315
__vector_7          |0000008c|   W  |            NOTYPE|        |     |.text	../../../../crt1/gcrt1.S:315
__vector_8          |0000008c|   W  |            NOTYPE|        |     |.text	../../../../crt1/gcrt1.S:315
__vector_9          |0000008c|   W  |            NOTYPE|        |     |.text	../../../../crt1/gcrt1.S:315
storage_read(unsigned char*)|0000008e|   t  |              FUNC|0000002e|     |.text
storage_write(unsigned char*)|000000bc|   t  |              FUNC|00000040|     |.text
main                |000000fc|   T  |              FUNC|000000aa|     |.text
__EEPROM_REGION_LENGTH__|00000100|   A  |            NOTYPE|        |     |*ABS*
_exit               |000001a6|   T  |            NOTYPE|        |     |.text	/home/admin/Arduino/toolchain-avr-special/gcc-build/avr/avrxmega3/libgcc/../../../../gcc/libgcc/config/avr/lib1funcs.S:2278
exit                |000001a6|   W  |            NOTYPE|        |     |.text	/home/admin/Arduino/toolchain-avr-special/gcc-build/avr/avrxmega3/libgcc/../../../../gcc/libgcc/config/avr/lib1funcs.S:2278
__stop_program      |000001a8|   t  |            NOTYPE|        |     |.text	/home/admin/Arduino/toolchain-avr-special/gcc-build/avr/avrxmega3/libgcc/../../../../gcc/libgcc/config/avr/lib1funcs.S:2280
__data_load_end     |000001aa|   A  |            NOTYPE|        |     |*ABS*
__data_load_start   |000001aa|   a  |            NOTYPE|        |     |*ABS*
_etext              |000001aa|   T  |            NOTYPE|        |     |.text
__LOCK_REGION_LENGTH__|00000400|   A  |            NOTYPE|        |     |*ABS*
__SIGNATURE_REGION_LENGTH__|00000400|   A  |            NOTYPE|        |     |*ABS*
__USER_SIGNATURE_REGION_LENGTH__|00000400|   A  |            NOTYPE|        |     |*ABS*
__DATA_REGION_LENGTH__|00000800|   A  |            NOTYPE|        |     |*ABS*
__stack             |00003fff|   W  |            NOTYPE|        |     |*ABS*
__RODATA_PM_OFFSET__|00008000|   A  |            NOTYPE|        |     |*ABS*
__TEXT_REGION_LENGTH__|00008000|   A  |            NOTYPE|        |     |*ABS*
__DATA_REGION_ORIGIN__|00803800|   A  |            NOTYPE|        |     |*ABS*
_edata              |00803800|   D  |            NOTYPE|        |     |.data
_end                |00803800|   T  |            NOTYPE|        |     |.text
__eeprom_end        |00810000|   T  |            NOTYPE|        |     |.text
