
main.elf:     file format elf32-avr


Disassembly of section .text:

00000000 <__vectors>:
__vectors():
../../../../crt1/gcrt1.S:61
   0:	3d c0       	rjmp	.+122    	; 0x7c <__ctors_end>
   2:	00 00       	nop
../../../../crt1/gcrt1.S:67
   4:	43 c0       	rjmp	.+134    	; 0x8c <__bad_interrupt>
   6:	00 00       	nop
../../../../crt1/gcrt1.S:68
   8:	41 c0       	rjmp	.+130    	; 0x8c <__bad_interrupt>
   a:	00 00       	nop
../../../../crt1/gcrt1.S:69
   c:	3f c0       	rjmp	.+126    	; 0x8c <__bad_interrupt>
   e:	00 00       	nop
../../../../crt1/gcrt1.S:70
  10:	3d c0       	rjmp	.+122    	; 0x8c <__bad_interrupt>
  12:	00 00       	nop
../../../../crt1/gcrt1.S:71
  14:	3b c0       	rjmp	.+118    	; 0x8c <__bad_interrupt>
  16:	00 00       	nop
../../../../crt1/gcrt1.S:72
  18:	39 c0       	rjmp	.+114    	; 0x8c <__bad_interrupt>
  1a:	00 00       	nop
../../../../crt1/gcrt1.S:73
  1c:	37 c0       	rjmp	.+110    	; 0x8c <__bad_interrupt>
  1e:	00 00       	nop
../../../../crt1/gcrt1.S:74
  20:	35 c0       	rjmp	.+106    	; 0x8c <__bad_interrupt>
  22:	00 00       	nop
../../../../crt1/gcrt1.S:75
  24:	33 c0       	rjmp	.+102    	; 0x8c <__bad_interrupt>
  26:	00 00       	nop
../../../../crt1/gcrt1.S:76
  28:	31 c0       	rjmp	.+98     	; 0x8c <__bad_interrupt>
  2a:	00 00       	nop
../../../../crt1/gcrt1.S:77
  2c:	2f c0       	rjmp	.+94     	; 0x8c <__bad_interrupt>
  2e:	00 00       	nop
../../../../crt1/gcrt1.S:78
  30:	2d c0       	rjmp	.+90     	; 0x8c <__bad_interrupt>
  32:	00 00       	nop
../../../../crt1/gcrt1.S:79
  34:	2b c0       	rjmp	.+86     	; 0x8c <__bad_interrupt>
  36:	00 00       	nop
../../../../crt1/gcrt1.S:80
  38:	29 c0       	rjmp	.+82     	; 0x8c <__bad_interrupt>
  3a:	00 00       	nop
../../../../crt1/gcrt1.S:81
  3c:	27 c0       	rjmp	.+78     	; 0x8c <__bad_interrupt>
  3e:	00 00       	nop
../../../../crt1/gcrt1.S:82
  40:	25 c0       	rjmp	.+74     	; 0x8c <__bad_interrupt>
  42:	00 00       	nop
../../../../crt1/gcrt1.S:83
  44:	23 c0       	rjmp	.+70     	; 0x8c <__bad_interrupt>
  46:	00 00       	nop
../../../../crt1/gcrt1.S:84
  48:	21 c0       	rjmp	.+66     	; 0x8c <__bad_interrupt>
  4a:	00 00       	nop
../../../../crt1/gcrt1.S:85
  4c:	1f c0       	rjmp	.+62     	; 0x8c <__bad_interrupt>
  4e:	00 00       	nop
../../../../crt1/gcrt1.S:86
  50:	1d c0       	rjmp	.+58     	; 0x8c <__bad_interrupt>
  52:	00 00       	nop
../../../../crt1/gcrt1.S:87
  54:	1b c0       	rjmp	.+54     	; 0x8c <__bad_interrupt>
  56:	00 00       	nop
../../../../crt1/gcrt1.S:88
  58:	19 c0       	rjmp	.+50     	; 0x8c <__bad_interrupt>
  5a:	00 00       	nop
../../../../crt1/gcrt1.S:89
  5c:	17 c0       	rjmp	.+46     	; 0x8c <__bad_interrupt>
  5e:	00 00       	nop
../../../../crt1/gcrt1.S:90
  60:	15 c0       	rjmp	.+42     	; 0x8c <__bad_interrupt>
  62:	00 00       	nop
../../../../crt1/gcrt1.S:91
  64:	13 c0       	rjmp	.+38     	; 0x8c <__bad_interrupt>
  66:	00 00       	nop
../../../../crt1/gcrt1.S:92
  68:	11 c0       	rjmp	.+34     	; 0x8c <__bad_interrupt>
  6a:	00 00       	nop
../../../../crt1/gcrt1.S:93
  6c:	0f c0       	rjmp	.+30     	; 0x8c <__bad_interrupt>
  6e:	00 00       	nop
../../../../crt1/gcrt1.S:94
  70:	0d c0       	rjmp	.+26     	; 0x8c <__bad_interrupt>
  72:	00 00       	nop
../../../../crt1/gcrt1.S:95
  74:	0b c0       	rjmp	.+22     	; 0x8c <__bad_interrupt>
  76:	00 00       	nop
../../../../crt1/gcrt1.S:96
  78:	09 c0       	rjmp	.+18     	; 0x8c <__bad_interrupt>
	...

0000007c <__ctors_end>:
__trampolines_start():
../../../../crt1/gcrt1.S:230
  7c:	11 24       	eor	r1, r1
../../../../crt1/gcrt1.S:231
  7e:	1f be       	out	0x3f, r1	; 63
../../../../crt1/gcrt1.S:232
  80:	cf ef       	ldi	r28, 0xFF	; 255
../../../../crt1/gcrt1.S:234
  82:	cd bf       	out	0x3d, r28	; 61
../../../../crt1/gcrt1.S:236
  84:	df e3       	ldi	r29, 0x3F	; 63
../../../../crt1/gcrt1.S:237
  86:	de bf       	out	0x3e, r29	; 62
../../../../crt1/gcrt1.S:314
  88:	39 d0       	rcall	.+114    	; 0xfc <main>
../../../../crt1/gcrt1.S:315
  8a:	8d c0       	rjmp	.+282    	; 0x1a6 <_exit>

0000008c <__bad_interrupt>:
__vector_22():
  8c:	b9 cf       	rjmp	.-142    	; 0x0 <__vectors>

0000008e <storage_read(unsigned char*)>:
_Z12storage_readPh():
  8e:	9c 01       	movw	r18, r24
  90:	40 e0       	ldi	r20, 0x00	; 0
  92:	50 e0       	ldi	r21, 0x00	; 0
  94:	ba 01       	movw	r22, r20
  96:	40 38       	cpi	r20, 0x80	; 128
  98:	51 05       	cpc	r21, r1
  9a:	61 05       	cpc	r22, r1
  9c:	71 05       	cpc	r23, r1
  9e:	60 f4       	brcc	.+24     	; 0xb8 <storage_read(unsigned char*)+0x2a>
  a0:	f9 01       	movw	r30, r18
  a2:	e4 0f       	add	r30, r20
  a4:	f5 1f       	adc	r31, r21
  a6:	da 01       	movw	r26, r20
  a8:	b4 50       	subi	r27, 0x04	; 4
  aa:	9c 91       	ld	r25, X
  ac:	90 83       	st	Z, r25
  ae:	4f 5f       	subi	r20, 0xFF	; 255
  b0:	5f 4f       	sbci	r21, 0xFF	; 255
  b2:	6f 4f       	sbci	r22, 0xFF	; 255
  b4:	7f 4f       	sbci	r23, 0xFF	; 255
  b6:	ef cf       	rjmp	.-34     	; 0x96 <storage_read(unsigned char*)+0x8>
  b8:	81 e0       	ldi	r24, 0x01	; 1
  ba:	08 95       	ret

000000bc <storage_write(unsigned char*)>:
_Z13storage_writePh():
  bc:	ac 01       	movw	r20, r24
  be:	90 e0       	ldi	r25, 0x00	; 0
  c0:	99 23       	and	r25, r25
  c2:	5c f0       	brlt	.+22     	; 0xda <storage_write(unsigned char*)+0x1e>
  c4:	29 2f       	mov	r18, r25
  c6:	30 e0       	ldi	r19, 0x00	; 0
  c8:	f9 01       	movw	r30, r18
  ca:	f4 50       	subi	r31, 0x04	; 4
  cc:	24 0f       	add	r18, r20
  ce:	35 1f       	adc	r19, r21
  d0:	d9 01       	movw	r26, r18
  d2:	2c 91       	ld	r18, X
  d4:	20 83       	st	Z, r18
  d6:	9f 5f       	subi	r25, 0xFF	; 255
  d8:	f3 cf       	rjmp	.-26     	; 0xc0 <storage_write(unsigned char*)+0x4>
  da:	8d e9       	ldi	r24, 0x9D	; 157
  dc:	93 e0       	ldi	r25, 0x03	; 3
  de:	84 bf       	out	0x34, r24	; 52
  e0:	90 93 00 10 	sts	0x1000, r25	; 0x801000 <__RODATA_PM_OFFSET__+0x7f9000>
  e4:	80 91 02 10 	lds	r24, 0x1002	; 0x801002 <__RODATA_PM_OFFSET__+0x7f9002>
  e8:	83 70       	andi	r24, 0x03	; 3
  ea:	e1 f7       	brne	.-8      	; 0xe4 <storage_write(unsigned char*)+0x28>
  ec:	90 91 02 10 	lds	r25, 0x1002	; 0x801002 <__RODATA_PM_OFFSET__+0x7f9002>
  f0:	81 e0       	ldi	r24, 0x01	; 1
  f2:	94 30       	cpi	r25, 0x04	; 4
  f4:	09 f0       	breq	.+2      	; 0xf8 <storage_write(unsigned char*)+0x3c>
  f6:	08 95       	ret
  f8:	80 e0       	ldi	r24, 0x00	; 0
  fa:	fd cf       	rjmp	.-6      	; 0xf6 <storage_write(unsigned char*)+0x3a>

000000fc <main>:
main():
  fc:	cf 93       	push	r28
  fe:	df 93       	push	r29
 100:	cd b7       	in	r28, 0x3d	; 61
 102:	de b7       	in	r29, 0x3e	; 62
 104:	da 95       	dec	r29
 106:	cd bf       	out	0x3d, r28	; 61
 108:	de bf       	out	0x3e, r29	; 62
 10a:	80 e8       	ldi	r24, 0x80	; 128
 10c:	fe 01       	movw	r30, r28
 10e:	31 96       	adiw	r30, 0x01	; 1
 110:	df 01       	movw	r26, r30
 112:	48 2f       	mov	r20, r24
 114:	1d 92       	st	X+, r1
 116:	4a 95       	dec	r20
 118:	e9 f7       	brne	.-6      	; 0x114 <__EEPROM_REGION_LENGTH__+0x14>
 11a:	e0 58       	subi	r30, 0x80	; 128
 11c:	ff 4f       	sbci	r31, 0xFF	; 255
 11e:	df 01       	movw	r26, r30
 120:	1d 92       	st	X+, r1
 122:	8a 95       	dec	r24
 124:	e9 f7       	brne	.-6      	; 0x120 <__EEPROM_REGION_LENGTH__+0x20>
 126:	80 e0       	ldi	r24, 0x00	; 0
 128:	88 23       	and	r24, r24
 12a:	4c f0       	brlt	.+18     	; 0x13e <__EEPROM_REGION_LENGTH__+0x3e>
 12c:	e1 e0       	ldi	r30, 0x01	; 1
 12e:	f0 e0       	ldi	r31, 0x00	; 0
 130:	ec 0f       	add	r30, r28
 132:	fd 1f       	adc	r31, r29
 134:	e8 0f       	add	r30, r24
 136:	f1 1d       	adc	r31, r1
 138:	80 83       	st	Z, r24
 13a:	8f 5f       	subi	r24, 0xFF	; 255
 13c:	f5 cf       	rjmp	.-22     	; 0x128 <__EEPROM_REGION_LENGTH__+0x28>
 13e:	ce 01       	movw	r24, r28
 140:	01 96       	adiw	r24, 0x01	; 1
 142:	bc df       	rcall	.-136    	; 0xbc <storage_write(unsigned char*)>
 144:	81 11       	cpse	r24, r1
 146:	08 c0       	rjmp	.+16     	; 0x158 <__EEPROM_REGION_LENGTH__+0x58>
 148:	81 e0       	ldi	r24, 0x01	; 1
 14a:	90 e0       	ldi	r25, 0x00	; 0
 14c:	d3 95       	inc	r29
 14e:	cd bf       	out	0x3d, r28	; 61
 150:	de bf       	out	0x3e, r29	; 62
 152:	df 91       	pop	r29
 154:	cf 91       	pop	r28
 156:	08 95       	ret
 158:	ce 01       	movw	r24, r28
 15a:	8f 57       	subi	r24, 0x7F	; 127
 15c:	9f 4f       	sbci	r25, 0xFF	; 255
 15e:	97 df       	rcall	.-210    	; 0x8e <storage_read(unsigned char*)>
 160:	88 23       	and	r24, r24
 162:	c1 f0       	breq	.+48     	; 0x194 <__EEPROM_REGION_LENGTH__+0x94>
 164:	20 e0       	ldi	r18, 0x00	; 0
 166:	22 23       	and	r18, r18
 168:	c4 f0       	brlt	.+48     	; 0x19a <__EEPROM_REGION_LENGTH__+0x9a>
 16a:	82 2f       	mov	r24, r18
 16c:	90 e0       	ldi	r25, 0x00	; 0
 16e:	e1 e0       	ldi	r30, 0x01	; 1
 170:	f0 e0       	ldi	r31, 0x00	; 0
 172:	ec 0f       	add	r30, r28
 174:	fd 1f       	adc	r31, r29
 176:	e8 0f       	add	r30, r24
 178:	f9 1f       	adc	r31, r25
 17a:	30 81       	ld	r19, Z
 17c:	e1 e8       	ldi	r30, 0x81	; 129
 17e:	f0 e0       	ldi	r31, 0x00	; 0
 180:	ec 0f       	add	r30, r28
 182:	fd 1f       	adc	r31, r29
 184:	8e 0f       	add	r24, r30
 186:	9f 1f       	adc	r25, r31
 188:	dc 01       	movw	r26, r24
 18a:	8c 91       	ld	r24, X
 18c:	38 13       	cpse	r19, r24
 18e:	08 c0       	rjmp	.+16     	; 0x1a0 <__EEPROM_REGION_LENGTH__+0xa0>
 190:	2f 5f       	subi	r18, 0xFF	; 255
 192:	e9 cf       	rjmp	.-46     	; 0x166 <__EEPROM_REGION_LENGTH__+0x66>
 194:	81 e0       	ldi	r24, 0x01	; 1
 196:	90 e0       	ldi	r25, 0x00	; 0
 198:	d9 cf       	rjmp	.-78     	; 0x14c <__EEPROM_REGION_LENGTH__+0x4c>
 19a:	90 e0       	ldi	r25, 0x00	; 0
 19c:	80 e0       	ldi	r24, 0x00	; 0
 19e:	d6 cf       	rjmp	.-84     	; 0x14c <__EEPROM_REGION_LENGTH__+0x4c>
 1a0:	81 e0       	ldi	r24, 0x01	; 1
 1a2:	90 e0       	ldi	r25, 0x00	; 0
 1a4:	d3 cf       	rjmp	.-90     	; 0x14c <__EEPROM_REGION_LENGTH__+0x4c>

000001a6 <_exit>:
exit():
/home/admin/Arduino/toolchain-avr-special/gcc-build/avr/avrxmega3/libgcc/../../../../gcc/libgcc/config/avr/lib1funcs.S:2278
 1a6:	f8 94       	cli

000001a8 <__stop_program>:
__stop_program():
/home/admin/Arduino/toolchain-avr-special/gcc-build/avr/avrxmega3/libgcc/../../../../gcc/libgcc/config/avr/lib1funcs.S:2280
 1a8:	ff cf       	rjmp	.-2      	; 0x1a8 <__stop_program>
