

Symbols from main.elf:

Name                  Value   Class        Type         Size     Line  Section

__heap_end          |00000000|   W  |            NOTYPE|        |     |*ABS*
__TEXT_REGION_ORIGIN__|00000000|   W  |            NOTYPE|        |     |*ABS*
__tmp_reg__         |00000000|   a  |            NOTYPE|        |     |*ABS*
__tmp_reg__         |00000000|   a  |            NOTYPE|        |     |*ABS*
__tmp_reg__         |00000000|   a  |            NOTYPE|        |     |*ABS*
__tmp_reg__         |00000000|   a  |            NOTYPE|        |     |*ABS*
__vector_default    |00000000|   W  |            NOTYPE|        |     |.text	../../../../crt1/gcrt1.S:61
__vectors           |00000000|   T  |            NOTYPE|        |     |.text	../../../../crt1/gcrt1.S:61
__zero_reg__        |00000001|   a  |            NOTYPE|        |     |*ABS*
__zero_reg__        |00000001|   a  |            NOTYPE|        |     |*ABS*
__zero_reg__        |00000001|   a  |            NOTYPE|        |     |*ABS*
__zero_reg__        |00000001|   a  |            NOTYPE|        |     |*ABS*
__FUSE_REGION_LENGTH__|0000000a|   A  |            NOTYPE|        |     |*ABS*
__CCP__             |00000034|   a  |            NOTYPE|        |     |*ABS*
__CCP__             |00000034|   a  |            NOTYPE|        |     |*ABS*
__CCP__             |00000034|   a  |            NOTYPE|        |     |*ABS*
__CCP__             |00000034|   a  |            NOTYPE|        |     |*ABS*
__SP_L__            |0000003d|   a  |            NOTYPE|        |     |*ABS*
__SP_L__            |0000003d|   a  |            NOTYPE|        |     |*ABS*
__SP_L__            |0000003d|   a  |            NOTYPE|        |     |*ABS*
__SP_L__            |0000003d|   a  |            NOTYPE|        |     |*ABS*
__SP_H__            |0000003e|   a  |            NOTYPE|        |     |*ABS*
__SP_H__            |0000003e|   a  |            NOTYPE|        |     |*ABS*
__SP_H__            |0000003e|   a  |            NOTYPE|        |     |*ABS*
__SP_H__            |0000003e|   a  |            NOTYPE|        |     |*ABS*
__SREG__            |0000003f|   a  |            NOTYPE|        |     |*ABS*
__SREG__            |0000003f|   a  |            NOTYPE|        |     |*ABS*
__SREG__            |0000003f|   a  |            NOTYPE|        |     |*ABS*
__SREG__            |0000003f|   a  |            NOTYPE|        |     |*ABS*
__ctors_start       |0000009a|   T  |            NOTYPE|        |     |.text
__trampolines_end   |0000009a|   T  |            NOTYPE|        |     |.text
__trampolines_start |0000009a|   T  |            NOTYPE|        |     |.text
__ctors_end         |0000009c|   T  |            NOTYPE|        |     |.text
__dtors_start       |0000009c|   T  |            NOTYPE|        |     |.text
__dtors_end         |0000009e|   T  |            NOTYPE|        |     |.text	../../../../crt1/gcrt1.S:230
__init              |0000009e|   W  |            NOTYPE|        |     |.text	../../../../crt1/gcrt1.S:230
__do_copy_data      |000000aa|   T  |            NOTYPE|00000016|     |.text	/home/admin/Arduino/toolchain-avr-special/gcc-build/avr/avrxmega3/libgcc/../../../../gcc/libgcc/config/avr/lib1funcs.S:2409
__do_clear_bss      |000000c0|   T  |            NOTYPE|00000010|     |.text	/home/admin/Arduino/toolchain-avr-special/gcc-build/avr/avrxmega3/libgcc/../../../../gcc/libgcc/config/avr/lib1funcs.S:2441
.do_clear_bss_loop  |000000c8|   t  |            NOTYPE|        |     |.text	/home/admin/Arduino/toolchain-avr-special/gcc-build/avr/avrxmega3/libgcc/../../../../gcc/libgcc/config/avr/lib1funcs.S:2446
.do_clear_bss_start |000000ca|   t  |            NOTYPE|        |     |.text	/home/admin/Arduino/toolchain-avr-special/gcc-build/avr/avrxmega3/libgcc/../../../../gcc/libgcc/config/avr/lib1funcs.S:2448
__do_global_ctors   |000000d0|   T  |            NOTYPE|00000016|     |.text	/home/admin/Arduino/toolchain-avr-special/gcc-build/avr/avrxmega3/libgcc/../../../../gcc/libgcc/config/avr/lib1funcs.S:2466
__bad_interrupt     |000000ee|   T  |            NOTYPE|        |     |.text	../../../../crt1/gcrt1.S:209
__vector_1          |000000ee|   W  |            NOTYPE|        |     |.text	../../../../crt1/gcrt1.S:209
__vector_10         |000000ee|   W  |            NOTYPE|        |     |.text	../../../../crt1/gcrt1.S:209
__vector_11         |000000ee|   W  |            NOTYPE|        |     |.text	../../../../crt1/gcrt1.S:209
__vector_12         |000000ee|   W  |            NOTYPE|        |     |.text	../../../../crt1/gcrt1.S:209
__vector_13         |000000ee|   W  |            NOTYPE|        |     |.text	../../../../crt1/gcrt1.S:209
__vector_14         |000000ee|   W  |            NOTYPE|        |     |.text	../../../../crt1/gcrt1.S:209
__vector_16         |000000ee|   W  |            NOTYPE|        |     |.text	../../../../crt1/gcrt1.S:209
__vector_17         |000000ee|   W  |            NOTYPE|        |     |.text	../../../../crt1/gcrt1.S:209
__vector_18         |000000ee|   W  |            NOTYPE|        |     |.text	../../../../crt1/gcrt1.S:209
__vector_19         |000000ee|   W  |            NOTYPE|        |     |.text	../../../../crt1/gcrt1.S:209
__vector_2          |000000ee|   W  |            NOTYPE|        |     |.text	../../../../crt1/gcrt1.S:209
__vector_20         |000000ee|   W  |            NOTYPE|        |     |.text	../../../../crt1/gcrt1.S:209
__vector_21         |000000ee|   W  |            NOTYPE|        |     |.text	../../../../crt1/gcrt1.S:209
__vector_22         |000000ee|   W  |            NOTYPE|        |     |.text	../../../../crt1/gcrt1.S:209
__vector_23         |000000ee|   W  |            NOTYPE|        |     |.text	../../../../crt1/gcrt1.S:209
__vector_24         |000000ee|   W  |            NOTYPE|        |     |.text	../../../../crt1/gcrt1.S:209
__vector_25         |000000ee|   W  |            NOTYPE|        |     |.text	../../../../crt1/gcrt1.S:209
__vector_26         |000000ee|   W  |            NOTYPE|        |     |.text	../../../../crt1/gcrt1.S:209
__vector_27         |000000ee|   W  |            NOTYPE|        |     |.text	../../../../crt1/gcrt1.S:209
__vector_28         |000000ee|   W  |            NOTYPE|        |     |.text	../../../../crt1/gcrt1.S:209
__vector_29         |000000ee|   W  |            NOTYPE|        |     |.text	../../../../crt1/gcrt1.S:209
__vector_3          |000000ee|   W  |            NOTYPE|        |     |.text	../../../../crt1/gcrt1.S:209
__vector_30         |000000ee|   W  |            NOTYPE|        |     |.text	../../../../crt1/gcrt1.S:209
__vector_5          |000000ee|   W  |            NOTYPE|        |     |.text	../../../../crt1/gcrt1.S:209
__vector_6          |000000ee|   W  |            NOTYPE|        |     |.text	../../../../crt1/gcrt1.S:209
__vector_7          |000000ee|   W  |            NOTYPE|        |     |.text	../../../../crt1/gcrt1.S:209
__vector_8          |000000ee|   W  |            NOTYPE|        |     |.text	../../../../crt1/gcrt1.S:209
__vector_9          |000000ee|   W  |            NOTYPE|        |     |.text	../../../../crt1/gcrt1.S:209
ByteStream::recalcCRC(bool) [clone .constprop.10]|000000f0|   t  |              FUNC|000000d6|     |.text
__EEPROM_REGION_LENGTH__|00000100|   A  |            NOTYPE|        |     |*ABS*
Timer::alarm()      |000001c6|   t  |              FUNC|0000010a|     |.text
Timer::onEnd() const|000002d0|   t  |              FUNC|00000090|     |.text
Timer::start(unsigned long)|00000360|   t  |              FUNC|0000006c|     |.text
time_micros()       |000003cc|   t  |              FUNC|0000009a|     |.text
__LOCK_REGION_LENGTH__|00000400|   A  |            NOTYPE|        |     |*ABS*
__SIGNATURE_REGION_LENGTH__|00000400|   A  |            NOTYPE|        |     |*ABS*
__USER_SIGNATURE_REGION_LENGTH__|00000400|   A  |            NOTYPE|        |     |*ABS*
ByteStream::unserialize(unsigned char*)|00000466|   t  |              FUNC|0000006c|     |.text
ByteStream::resetUnserializer()|000004d2|   t  |              FUNC|00000014|     |.text
ByteStream::RawBuffer::verify() const|000004e6|   t  |              FUNC|000000a2|     |.text
Random::next8(unsigned char, unsigned char)|00000588|   t  |              FUNC|0000007e|     |.text
Pattern::init()     |00000606|   t  |              FUNC|00000008|     |.text
SingleLedPattern::init()|0000060e|   t  |              FUNC|00000008|     |.text
BasicPattern::triggerGap()|00000616|   t  |              FUNC|00000028|     |.text
PatternBuilder::getDefaultArgs(PatternID)|0000063e|   t  |              FUNC|0000026a|     |.text
__DATA_REGION_LENGTH__|00000800|   A  |            NOTYPE|        |     |*ABS*
Pattern::registerArg(unsigned char)|000008a8|   t  |              FUNC|0000001e|     |.text
Pattern::getArgs(PatternArgs&) const|000008c6|   t  |              FUNC|0000006a|     |.text
Pattern::setArgs(PatternArgs const&)|00000930|   t  |              FUNC|0000004a|     |.text
Pattern::bind(LedPos)|0000097a|   t  |              FUNC|00000006|     |.text
Modes::ModeLink::uninstantiate()|00000980|   t  |              FUNC|00000026|     |.text
Mode::getSingleLedMap() const|000009a6|   t  |              FUNC|0000002a|     |.text
Mode::getPattern(LedPos)|000009d0|   t  |              FUNC|00000042|     |.text
Mode::loadFromBuffer(ByteStream&)|00000a12|   t  |              FUNC|00000058|     |.text
Mode::saveToBuffer(ByteStream&) const|00000a6a|   t  |              FUNC|0000002c|     |.text
Mode::play()        |00000a96|   t  |              FUNC|0000003c|     |.text
Mode::init()        |00000ad2|   t  |              FUNC|0000003c|     |.text
Mode::Mode()        |00000b0e|   t  |              FUNC|00000014|     |.text
Mode::Mode()        |00000b0e|   t  |              FUNC|00000014|     |.text
Randomizer::onLongClick()|00000b22|   t  |              FUNC|00000010|     |.text
Menu::~Menu()       |00000b32|   t  |              FUNC|00000002|     |.text
Menu::~Menu()       |00000b32|   t  |              FUNC|00000002|     |.text
Randomizer::~Randomizer()|00000b34|   t  |              FUNC|00000002|     |.text
Randomizer::~Randomizer()|00000b34|   t  |              FUNC|00000002|     |.text
PatternSelect::onLongClick()|00000b36|   t  |              FUNC|00000010|     |.text
PatternSelect::~PatternSelect()|00000b46|   t  |              FUNC|00000002|     |.text
PatternSelect::~PatternSelect()|00000b46|   t  |              FUNC|00000002|     |.text
FactoryReset::onShortClick()|00000b48|   t  |              FUNC|00000010|     |.text
FactoryReset::~FactoryReset()|00000b58|   t  |              FUNC|00000002|     |.text
FactoryReset::~FactoryReset()|00000b58|   t  |              FUNC|00000002|     |.text
ColorSelect::onShortClick()|00000b5a|   t  |              FUNC|0000007e|     |.text
mapGetNextLed(unsigned long long, LedPos)|00000bd8|   t  |              FUNC|0000008c|     |.text
Menu::onLongClick() |00000c64|   t  |              FUNC|00000010|     |.text
Menu::onShortClick()|00000c74|   t  |              FUNC|00000002|     |.text
Menu::Menu(RGBColor const&)|00000c76|   t  |              FUNC|0000003c|     |.text
mapGetFirstLed(unsigned long long)|00000cb2|   t  |              FUNC|0000007c|     |.text
__cxa_pure_virtual  |00000d2e|   t  |              FUNC|00000002|     |.text
Leds::update()      |00000d30|   t  |              FUNC|000000cc|     |.text
headD               |00000d96|   t  |            NOTYPE|        |     |.text
bitTimeD            |00000dc8|   t  |            NOTYPE|        |     |.text
doneD               |00000dd6|   t  |            NOTYPE|        |     |.text
Leds::setIndex(LedPos, RGBColor)|00000dfc|   t  |              FUNC|00000048|     |.text
Leds::setMap(unsigned long long, RGBColor) [clone .constprop.24]|00000e44|   t  |              FUNC|00000030|     |.text
Leds::blinkMap(unsigned long long, unsigned long long, unsigned long, unsigned long, RGBColor) [clone .constprop.23]|00000e74|   t  |              FUNC|00000118|     |.text
Leds::setAll(RGBColor)|00000f8c|   t  |              FUNC|0000004c|     |.text
Leds::blinkAll(unsigned long long, long, unsigned long, RGBColor)|00000fd8|   t  |              FUNC|00000142|     |.text
Leds::blinkIndex(LedPos, unsigned long long, unsigned long, unsigned long, RGBColor)|0000111a|   t  |              FUNC|00000126|     |.text
hsv_to_rgb_generic(HSVColor const&)|00001240|   t  |              FUNC|00000118|     |.text
RGBColor::empty() const|00001358|   t  |              FUNC|00000018|     |.text
RGBColor::operator=(HSVColor const&)|00001370|   t  |              FUNC|000001ee|     |.text
HSVColor::operator=(RGBColor const&)|0000155e|   t  |              FUNC|000000ee|     |.text
RGBColor::RGBColor(unsigned long)|0000164c|   t  |              FUNC|00000062|     |.text
RGBColor::RGBColor(unsigned long)|0000164c|   t  |              FUNC|00000062|     |.text
Menu::showSelect() [clone .constprop.8]|000016ae|   t  |              FUNC|00000054|     |.text
Leds::clearAll()    |00001702|   t  |              FUNC|0000002c|     |.text
VortexEngine::enterSleep()|0000172e|   t  |              FUNC|00000020|     |.text
Menu::run()         |0000174e|   t  |              FUNC|0000014c|     |.text
PatternSelect::run()|0000189a|   t  |              FUNC|00000030|     |.text
FactoryReset::run() |000018ca|   t  |              FUNC|0000021c|     |.text
Leds::clearIndex(LedPos)|00001ae6|   t  |              FUNC|00000036|     |.text
BasicPattern::onBlinkOff()|00001b1c|   t  |              FUNC|00000058|     |.text
BasicPattern::play()|00001b74|   t  |              FUNC|000000aa|     |.text
Colorset::getNext() |00001c1e|   t  |              FUNC|00000080|     |.text
BlendPattern::onBlinkOn()|00001c9e|   t  |              FUNC|0000019a|     |.text
BasicPattern::onBlinkOn()|00001e38|   t  |              FUNC|000000a2|     |.text
SolidPattern::onBlinkOn()|00001eda|   t  |              FUNC|0000001c|     |.text
Colorset::skip(long)|00001ef6|   t  |              FUNC|0000006c|     |.text
BasicPattern::endGap()|00001f62|   t  |              FUNC|00000098|     |.text
Colorset::get(unsigned long) const|00001ffa|   t  |              FUNC|00000056|     |.text
TracerPattern::play()|00002050|   t  |              FUNC|000000cc|     |.text
DashDopsPattern::play()|0000211c|   t  |              FUNC|000000e6|     |.text
ByteStream::clear() |00002202|   t  |              FUNC|0000002c|     |.text
Timer::~Timer()     |0000222e|   t  |              FUNC|00000010|     |.text
Timer::~Timer()     |0000222e|   t  |              FUNC|00000010|     |.text
Modes::ModeLink::~ModeLink()|0000223e|   t  |              FUNC|00000042|     |.text
Modes::ModeLink::~ModeLink()|0000223e|   t  |              FUNC|00000042|     |.text
Modes::clearModes() |00002280|   t  |              FUNC|00000042|     |.text
Randomizer::~Randomizer()|000022c2|   t  |              FUNC|00000004|     |.text
PatternSelect::~PatternSelect()|000022c6|   t  |              FUNC|00000004|     |.text
FactoryReset::~FactoryReset()|000022ca|   t  |              FUNC|00000004|     |.text
Menu::~Menu()       |000022ce|   t  |              FUNC|00000004|     |.text
Colorset::clear()   |000022d2|   t  |              FUNC|00000022|     |.text
BasicPattern::~BasicPattern()|000022f4|   t  |              FUNC|0000002c|     |.text
BasicPattern::~BasicPattern()|000022f4|   t  |              FUNC|0000002c|     |.text
BasicPattern::~BasicPattern()|00002320|   t  |              FUNC|00000012|     |.text
SolidPattern::~SolidPattern()|00002332|   t  |              FUNC|0000000c|     |.text
SolidPattern::~SolidPattern()|00002332|   t  |              FUNC|0000000c|     |.text
SolidPattern::~SolidPattern()|0000233e|   t  |              FUNC|00000012|     |.text
BlendPattern::~BlendPattern()|00002350|   t  |              FUNC|0000000c|     |.text
BlendPattern::~BlendPattern()|00002350|   t  |              FUNC|0000000c|     |.text
BlendPattern::~BlendPattern()|0000235c|   t  |              FUNC|00000012|     |.text
DashDopsPattern::~DashDopsPattern()|0000236e|   t  |              FUNC|00000026|     |.text
DashDopsPattern::~DashDopsPattern()|0000236e|   t  |              FUNC|00000026|     |.text
DashDopsPattern::~DashDopsPattern()|00002394|   t  |              FUNC|00000012|     |.text
TracerPattern::~TracerPattern()|000023a6|   t  |              FUNC|00000026|     |.text
TracerPattern::~TracerPattern()|000023a6|   t  |              FUNC|00000026|     |.text
TracerPattern::~TracerPattern()|000023cc|   t  |              FUNC|00000012|     |.text
ColorSelect::~ColorSelect()|000023de|   t  |              FUNC|00000012|     |.text
ColorSelect::~ColorSelect()|000023de|   t  |              FUNC|00000012|     |.text
ColorSelect::~ColorSelect()|000023f0|   t  |              FUNC|00000012|     |.text
Modes::ModeLink::ModeLink(Mode const*, bool) [clone .constprop.15]|00002402|   t  |              FUNC|0000005e|     |.text
ByteStream::extend(unsigned long) [clone .constprop.30]|00002460|   t  |              FUNC|000000de|     |.text
ByteStream::serialize(unsigned char)|0000253e|   t  |              FUNC|00000084|     |.text
Colorset::serialize(ByteStream&) const|000025c2|   t  |              FUNC|00000084|     |.text
Timer::addAlarm(unsigned long)|00002646|   t  |              FUNC|00000066|     |.text
TracerPattern::init()|000026ac|   t  |              FUNC|00000060|     |.text
DashDopsPattern::init()|0000270c|   t  |              FUNC|000000a8|     |.text
BasicPattern::init()|000027b4|   t  |              FUNC|000000b2|     |.text
BlendPattern::init()|00002866|   t  |              FUNC|00000064|     |.text
Modes::ModeLink::instantiate()|000028ca|   t  |              FUNC|0000006e|     |.text
Modes::initCurMode(bool) [clone .constprop.21]|00002938|   t  |              FUNC|00000078|     |.text
Modes::curMode()    |000029b0|   t  |              FUNC|0000002a|     |.text
Modes::saveStorage()|000029da|   t  |              FUNC|0000014a|     |.text
Menu::leaveMenu(bool)|00002b24|   t  |              FUNC|0000000c|     |.text
Modes::addMode(Mode const*)|00002b30|   t  |              FUNC|00000084|     |.text
Menu* initMenu<FactoryReset>(RGBColor const&)|00002bb4|   t  |              FUNC|0000002e|     |.text
Menu* initMenu<PatternSelect>(RGBColor const&)|00002be2|   t  |              FUNC|0000002e|     |.text
Menu* initMenu<Randomizer>(RGBColor const&)|00002c10|   t  |              FUNC|00000046|     |.text
Colorset::initPalette(unsigned long) [clone .part.3]|00002c56|   t  |              FUNC|00000048|     |.text
Colorset::operator=(Colorset const&)|00002c9e|   t  |              FUNC|000000a6|     |.text
Colorset::addColor(RGBColor)|00002d44|   t  |              FUNC|000000de|     |.text
Colorset::set(unsigned long, RGBColor)|00002e22|   t  |              FUNC|0000007c|     |.text
Colorset::addColorHSV(unsigned char, unsigned char, unsigned char)|00002e9e|   t  |              FUNC|00000042|     |.text
Colorset::addColorWithValueStyle(Random&, unsigned char, unsigned char, Colorset::ValueStyle, unsigned char)|00002ee0|   t  |              FUNC|000000ac|     |.text
Colorset::randomizeEvenlySpaced(Random&, unsigned long)|00002f8c|   t  |              FUNC|000000bc|     |.text
Colorset::randomize(Random&, unsigned long)|00003048|   t  |              FUNC|000000b4|     |.text
Colorset::init(RGBColor, RGBColor, RGBColor, RGBColor, RGBColor, RGBColor, RGBColor, RGBColor)|000030fc|   t  |              FUNC|0000017a|     |.text
Colorset::Colorset()|00003276|   t  |              FUNC|000000f8|     |.text
Colorset::Colorset()|00003276|   t  |              FUNC|000000f8|     |.text
Pattern::Pattern()  |0000336e|   t  |              FUNC|00000030|     |.text
Pattern::Pattern()  |0000336e|   t  |              FUNC|00000030|     |.text
BasicPattern::BasicPattern(PatternArgs const&)|0000339e|   t  |              FUNC|000000a0|     |.text
BasicPattern::BasicPattern(PatternArgs const&)|0000339e|   t  |              FUNC|000000a0|     |.text
PatternBuilder::generate(PatternID, PatternArgs const*)|0000343e|   t  |              FUNC|00000192|     |.text
PatternBuilder::makeSingle(PatternID, PatternArgs const*)|000035d0|   t  |              FUNC|0000001c|     |.text
PatternBuilder::make(PatternID, PatternArgs const*)|000035ec|   t  |              FUNC|00000028|     |.text
PatternBuilder::unserialize(ByteStream&)|00003614|   t  |              FUNC|00000174|     |.text
Mode::getColorset(LedPos)|00003788|   t  |              FUNC|00000038|     |.text
Mode::setPattern(PatternID, LedPos, PatternArgs const*, Colorset const*) [clone .constprop.17]|000037c0|   t  |              FUNC|00000118|     |.text
Mode::setPatternMap(unsigned long long, PatternID, PatternArgs const*, Colorset const*) [clone .constprop.3]|000038d8|   t  |              FUNC|0000008a|     |.text
Mode::~Mode()       |00003962|   t  |              FUNC|00000014|     |.text
Mode::~Mode()       |00003962|   t  |              FUNC|00000014|     |.text
Modes::addMode(PatternID, PatternArgs const*, Colorset const*) [clone .part.13] [clone .constprop.13]|00003976|   t  |              FUNC|00000056|     |.text
Mode::~Mode()       |000039cc|   t  |              FUNC|00000012|     |.text
Randomizer::run()   |000039de|   t  |              FUNC|00000084|     |.text
PatternSelect::onShortClick()|00003a62|   t  |              FUNC|000000f4|     |.text
Menu* initMenu<ColorSelect>(RGBColor const&)|00003b56|   t  |              FUNC|0000006e|     |.text
Randomizer::reRoll(LedPos)|00003bc4|   t  |              FUNC|0000045c|     |.text
__stack             |00003fff|   W  |            NOTYPE|        |     |*ABS*
Randomizer::onShortClick()|00004020|   t  |              FUNC|00000092|     |.text
Colorset::Colorset(RGBColor, RGBColor, RGBColor, RGBColor, RGBColor, RGBColor, RGBColor, RGBColor)|000040b2|   t  |              FUNC|0000010a|     |.text
Colorset::Colorset(RGBColor, RGBColor, RGBColor, RGBColor, RGBColor, RGBColor, RGBColor, RGBColor)|000040b2|   t  |              FUNC|0000010a|     |.text
Modes::addMode(PatternID, RGBColor, RGBColor, RGBColor, RGBColor, RGBColor, RGBColor, RGBColor, RGBColor) [clone .constprop.11]|000041bc|   t  |              FUNC|0000010a|     |.text
Menu::init()        |000042c6|   t  |              FUNC|00000118|     |.text
Randomizer::init()  |000043de|   t  |              FUNC|000000b4|     |.text
PatternSelect::init()|00004492|   t  |              FUNC|00000038|     |.text
FactoryReset::init()|000044ca|   t  |              FUNC|00000012|     |.text
ColorSelect::init() |000044dc|   t  |              FUNC|00000016|     |.text
Colorset::Colorset(unsigned char, unsigned long const*)|000044f2|   t  |              FUNC|00000074|     |.text
Colorset::Colorset(unsigned char, unsigned long const*)|000044f2|   t  |              FUNC|00000074|     |.text
FactoryReset::onLongClick()|00004566|   t  |              FUNC|000000e6|     |.text
Mode::unserialize(ByteStream&)|0000464c|   t  |              FUNC|0000020c|     |.text
Modes::loadStorage()|00004858|   t  |              FUNC|000001b2|     |.text
ColorSelect::onLongClick()|00004a0a|   t  |              FUNC|000003da|     |.text
Mode::serialize(ByteStream&) const|00004de4|   t  |              FUNC|000002d2|     |.text
Leds::breathIndex(LedPos, unsigned long, unsigned long, unsigned long, unsigned char, unsigned char)|000050b6|   t  |              FUNC|000000d4|     |.text
ColorSelect::run()  |0000518a|   t  |              FUNC|000005dc|     |.text
__vector_4          |00005766|   T  |              FUNC|00000032|     |.text
__vector_15         |00005798|   T  |              FUNC|00000074|     |.text
lower               |000057c4|   t  |            NOTYPE|        |     |.text
global destructors keyed to 65535_1_Button.o.11007|0000580c|   t  |              FUNC|00000030|     |.text
global constructors keyed to 65535_0_Button.o.11005|0000583c|   t  |              FUNC|00000128|     |.text
main                |00005964|   T  |              FUNC|00000ad6|     |.text
__mulsi3            |0000643a|   T  |            NOTYPE|0000001e|     |.text	/home/admin/Arduino/toolchain-avr-special/gcc-build/avr/avrxmega3/libgcc/../../../../gcc/libgcc/config/avr/lib1funcs.S:648
__udivmodqi4        |00006458|   T  |            NOTYPE|00000018|     |.text	/home/admin/Arduino/toolchain-avr-special/gcc-build/avr/avrxmega3/libgcc/../../../../gcc/libgcc/config/avr/lib1funcs.S:1346
__udivmodqi4_loop   |0000645e|   t  |            NOTYPE|        |     |.text	/home/admin/Arduino/toolchain-avr-special/gcc-build/avr/avrxmega3/libgcc/../../../../gcc/libgcc/config/avr/lib1funcs.S:1350
__udivmodqi4_ep     |00006466|   t  |            NOTYPE|        |     |.text	/home/admin/Arduino/toolchain-avr-special/gcc-build/avr/avrxmega3/libgcc/../../../../gcc/libgcc/config/avr/lib1funcs.S:1355
__divmodhi4         |00006470|   T  |            NOTYPE|00000026|     |.text	/home/admin/Arduino/toolchain-avr-special/gcc-build/avr/avrxmega3/libgcc/../../../../gcc/libgcc/config/avr/lib1funcs.S:1440
_div                |00006470|   T  |            NOTYPE|        |     |.text	/home/admin/Arduino/toolchain-avr-special/gcc-build/avr/avrxmega3/libgcc/../../../../gcc/libgcc/config/avr/lib1funcs.S:1440
__divmodhi4_neg1    |00006486|   t  |            NOTYPE|        |     |.text	/home/admin/Arduino/toolchain-avr-special/gcc-build/avr/avrxmega3/libgcc/../../../../gcc/libgcc/config/avr/lib1funcs.S:1454
__divmodhi4_neg2    |0000648e|   t  |            NOTYPE|        |     |.text	/home/admin/Arduino/toolchain-avr-special/gcc-build/avr/avrxmega3/libgcc/../../../../gcc/libgcc/config/avr/lib1funcs.S:1460
__divmodhi4_exit    |00006494|   t  |            NOTYPE|        |     |.text	/home/admin/Arduino/toolchain-avr-special/gcc-build/avr/avrxmega3/libgcc/../../../../gcc/libgcc/config/avr/lib1funcs.S:1464
__udivmodsi4        |00006496|   T  |            NOTYPE|00000044|     |.text	/home/admin/Arduino/toolchain-avr-special/gcc-build/avr/avrxmega3/libgcc/../../../../gcc/libgcc/config/avr/lib1funcs.S:1638
__udivmodsi4_loop   |000064a2|   t  |            NOTYPE|        |     |.text	/home/admin/Arduino/toolchain-avr-special/gcc-build/avr/avrxmega3/libgcc/../../../../gcc/libgcc/config/avr/lib1funcs.S:1646
__udivmodsi4_ep     |000064bc|   t  |            NOTYPE|        |     |.text	/home/admin/Arduino/toolchain-avr-special/gcc-build/avr/avrxmega3/libgcc/../../../../gcc/libgcc/config/avr/lib1funcs.S:1660
__divmodsi4         |000064da|   T  |            NOTYPE|00000028|     |.text	/home/admin/Arduino/toolchain-avr-special/gcc-build/avr/avrxmega3/libgcc/../../../../gcc/libgcc/config/avr/lib1funcs.S:1686
__divmodsi4_neg2    |000064f2|   t  |            NOTYPE|        |     |.text	/home/admin/Arduino/toolchain-avr-special/gcc-build/avr/avrxmega3/libgcc/../../../../gcc/libgcc/config/avr/lib1funcs.S:1701
__divmodsi4_exit    |00006500|   t  |            NOTYPE|        |     |.text	/home/admin/Arduino/toolchain-avr-special/gcc-build/avr/avrxmega3/libgcc/../../../../gcc/libgcc/config/avr/lib1funcs.S:1709
__negsi2            |00006502|   T  |            NOTYPE|00000010|     |.text	/home/admin/Arduino/toolchain-avr-special/gcc-build/avr/avrxmega3/libgcc/../../../../gcc/libgcc/config/avr/lib1funcs.S:1718
__tablejump2__      |00006512|   T  |            NOTYPE|0000000c|     |.text	/home/admin/Arduino/toolchain-avr-special/gcc-build/avr/avrxmega3/libgcc/../../../../gcc/libgcc/config/avr/lib1funcs.S:2296
__usmulhisi3        |0000651e|   T  |            NOTYPE|00000002|     |.text	/home/admin/Arduino/toolchain-avr-special/gcc-build/avr/avrxmega3/libgcc/../../../../gcc/libgcc/config/avr/lib1funcs.S:545
__usmulhisi3_tail   |00006520|   T  |            NOTYPE|0000000a|     |.text	/home/admin/Arduino/toolchain-avr-special/gcc-build/avr/avrxmega3/libgcc/../../../../gcc/libgcc/config/avr/lib1funcs.S:551
__muluhisi3         |0000652a|   T  |            NOTYPE|00000014|     |.text	/home/admin/Arduino/toolchain-avr-special/gcc-build/avr/avrxmega3/libgcc/../../../../gcc/libgcc/config/avr/lib1funcs.S:626
__umoddi3           |0000653e|   T  |            NOTYPE|00000004|     |.text	/home/admin/Arduino/toolchain-avr-special/gcc-build/avr/avrxmega3/libgcc/../../../../gcc/libgcc/config/avr/lib1funcs.S:1806
__udivdi3           |00006542|   T  |            NOTYPE|00000002|     |.text	/home/admin/Arduino/toolchain-avr-special/gcc-build/avr/avrxmega3/libgcc/../../../../gcc/libgcc/config/avr/lib1funcs.S:1814
__udivdi3_umoddi3   |00006544|   T  |            NOTYPE|00000014|     |.text	/home/admin/Arduino/toolchain-avr-special/gcc-build/avr/avrxmega3/libgcc/../../../../gcc/libgcc/config/avr/lib1funcs.S:1818
__udivmod64         |00006558|   T  |            NOTYPE|000000a2|     |.text	/home/admin/Arduino/toolchain-avr-special/gcc-build/avr/avrxmega3/libgcc/../../../../gcc/libgcc/config/avr/lib1funcs.S:1842
__prologue_saves__  |000065fa|   T  |            NOTYPE|00000032|     |.text	/home/admin/Arduino/toolchain-avr-special/gcc-build/avr/avrxmega3/libgcc/../../../../gcc/libgcc/config/avr/lib1funcs.S:2169
__epilogue_restores__|0000662c|   T  |            NOTYPE|00000030|     |.text	/home/admin/Arduino/toolchain-avr-special/gcc-build/avr/avrxmega3/libgcc/../../../../gcc/libgcc/config/avr/lib1funcs.S:2222
__ashldi3           |0000665c|   T  |            NOTYPE|00000032|     |.text	/home/admin/Arduino/toolchain-avr-special/gcc-build/avr/avrxmega3/libgcc/../../../../gcc/libgcc/config/avr/lib1funcs.S:3169
__ashrdi3           |0000668e|   T  |            NOTYPE|00000004|     |.text	/home/admin/Arduino/toolchain-avr-special/gcc-build/avr/avrxmega3/libgcc/../../../../gcc/libgcc/config/avr/lib1funcs.S:3122
__lshrdi3           |00006692|   T  |            NOTYPE|00000036|     |.text	/home/admin/Arduino/toolchain-avr-special/gcc-build/avr/avrxmega3/libgcc/../../../../gcc/libgcc/config/avr/lib1funcs.S:3131
__adddi3            |000066c8|   T  |            NOTYPE|00000012|     |.text	/home/admin/Arduino/toolchain-avr-special/gcc-build/avr/avrxmega3/libgcc/../../../../gcc/libgcc/config/avr/lib1funcs.S:2051
__adddi3_s8         |000066da|   T  |            NOTYPE|00000018|     |.text	/home/admin/Arduino/toolchain-avr-special/gcc-build/avr/avrxmega3/libgcc/../../../../gcc/libgcc/config/avr/lib1funcs.S:2064
__cmpdi2            |000066f2|   T  |            NOTYPE|00000012|     |.text	/home/admin/Arduino/toolchain-avr-special/gcc-build/avr/avrxmega3/libgcc/../../../../gcc/libgcc/config/avr/lib1funcs.S:2091
__cmpdi2_s8         |00006704|   T  |            NOTYPE|00000018|     |.text	/home/admin/Arduino/toolchain-avr-special/gcc-build/avr/avrxmega3/libgcc/../../../../gcc/libgcc/config/avr/lib1funcs.S:2102
__udivmodhi4        |0000671c|   T  |            NOTYPE|00000028|     |.text	/home/admin/Arduino/toolchain-avr-special/gcc-build/avr/avrxmega3/libgcc/../../../../gcc/libgcc/config/avr/lib1funcs.S:1408
__udivmodhi4_loop   |00006724|   t  |            NOTYPE|        |     |.text	/home/admin/Arduino/toolchain-avr-special/gcc-build/avr/avrxmega3/libgcc/../../../../gcc/libgcc/config/avr/lib1funcs.S:1413
__udivmodhi4_ep     |00006732|   t  |            NOTYPE|        |     |.text	/home/admin/Arduino/toolchain-avr-special/gcc-build/avr/avrxmega3/libgcc/../../../../gcc/libgcc/config/avr/lib1funcs.S:1421
__umulhisi3         |00006744|   T  |            NOTYPE|0000001e|     |.text	/home/admin/Arduino/toolchain-avr-special/gcc-build/avr/avrxmega3/libgcc/../../../../gcc/libgcc/config/avr/lib1funcs.S:564
__subsf3            |00006762|   T  |              FUNC|0000000a|     |.text
__addsf3            |00006764|   T  |            NOTYPE|        |     |.text
__addsf3x           |00006786|   T  |              FUNC|000000cc|     |.text
__fixsfsi           |0000682c|   T  |              FUNC|0000000a|     |.text
__fixunssfsi        |00006836|   T  |              FUNC|00000058|     |.text
__floatunsisf       |0000688e|   T  |              FUNC|0000007a|     |.text
__floatsisf         |00006892|   T  |            NOTYPE|        |     |.text
__fp_inf            |00006908|   T  |              FUNC|0000000c|     |.text
__fp_nan            |00006914|   T  |              FUNC|00000006|     |.text
__fp_pscA           |0000691a|   T  |              FUNC|0000000e|     |.text
__fp_pscB           |00006928|   T  |              FUNC|0000000e|     |.text
__fp_round          |00006936|   T  |              FUNC|00000022|     |.text
__fp_split3         |00006958|   T  |              FUNC|00000044|     |.text
__fp_splitA         |00006968|   T  |            NOTYPE|        |     |.text
__fp_zero           |0000699c|   T  |              FUNC|0000000e|     |.text
__fp_szero          |0000699e|   T  |            NOTYPE|        |     |.text
__mulsf3            |000069aa|   T  |              FUNC|00000004|     |.text
__mulsf3x           |000069c2|   T  |              FUNC|000000d2|     |.text
__mulsf3_pse        |000069c6|   T  |            NOTYPE|        |     |.text
sin                 |00006a70|   T  |              FUNC|0000000c|     |.text
__fp_rempio2        |00006a7e|   T  |              FUNC|00000056|     |.text
__fp_sinus          |00006acc|   T  |              FUNC|00000022|     |.text
__fp_mpack          |00006aee|   T  |              FUNC|0000001c|     |.text
__fp_mpack_finite   |00006af2|   T  |            NOTYPE|        |     |.text
__fp_powsodd        |00006b0a|   T  |              FUNC|00000022|     |.text
__fp_powser         |00006b2c|   T  |              FUNC|0000004a|     |.text
calloc              |00006b76|   T  |              FUNC|00000034|     |.text
malloc              |00006baa|   T  |              FUNC|00000138|     |.text
free                |00006ce2|   T  |              FUNC|00000112|     |.text
realloc             |00006df4|   T  |              FUNC|0000016c|     |.text
memcmp              |00006f60|   T  |              FUNC|0000001a|     |.text
memcpy              |00006f7a|   T  |              FUNC|00000012|     |.text
memset              |00006f8c|   T  |              FUNC|0000000e|     |.text
__do_global_dtors   |00006f9a|   T  |            NOTYPE|00000014|     |.text	/home/admin/Arduino/toolchain-avr-special/gcc-build/avr/avrxmega3/libgcc/../../../../gcc/libgcc/config/avr/lib1funcs.S:2496
_exit               |00006f9a|   T  |            NOTYPE|        |     |.text	/home/admin/Arduino/toolchain-avr-special/gcc-build/avr/avrxmega3/libgcc/../../../../gcc/libgcc/config/avr/lib1funcs.S:2496
exit                |00006f9a|   W  |            NOTYPE|        |     |.text	/home/admin/Arduino/toolchain-avr-special/gcc-build/avr/avrxmega3/libgcc/../../../../gcc/libgcc/config/avr/lib1funcs.S:2496
__stop_program      |00006fb0|   t  |            NOTYPE|        |     |.text	/home/admin/Arduino/toolchain-avr-special/gcc-build/avr/avrxmega3/libgcc/../../../../gcc/libgcc/config/avr/lib1funcs.S:2280
_etext              |00006fb2|   T  |            NOTYPE|        |     |.text
__data_load_start   |00007194|   A  |            NOTYPE|        |     |*ABS*
__data_load_end     |0000719e|   A  |            NOTYPE|        |     |*ABS*
__RODATA_PM_OFFSET__|00008000|   A  |            NOTYPE|        |     |*ABS*
__TEXT_REGION_LENGTH__|00008000|   A  |            NOTYPE|        |     |*ABS*
vtable for Menu     |0000efc2|   r  |            OBJECT|00000012|     |.rodata
vtable for Randomizer|0000efd4|   r  |            OBJECT|00000012|     |.rodata
vtable for ColorSelect|0000efe6|   r  |            OBJECT|00000012|     |.rodata
vtable for PatternSelect|0000eff8|   r  |            OBJECT|00000012|     |.rodata
vtable for FactoryReset|0000f00a|   r  |            OBJECT|00000012|     |.rodata
vtable for Mode     |0000f01c|   r  |            OBJECT|00000014|     |.rodata
vtable for BasicPattern|0000f030|   r  |            OBJECT|00000016|     |.rodata
vtable for BlendPattern|0000f046|   r  |            OBJECT|00000016|     |.rodata
vtable for DashDopsPattern|0000f05c|   r  |            OBJECT|0000000e|     |.rodata
vtable for SolidPattern|0000f06a|   r  |            OBJECT|00000016|     |.rodata
vtable for Pattern  |0000f080|   r  |            OBJECT|0000000e|     |.rodata
vtable for TracerPattern|0000f08e|   r  |            OBJECT|0000000e|     |.rodata
default_modes       |0000f09c|   r  |            OBJECT|000000cc|     |.rodata
digital_pin_to_port |0000f168|   r  |            OBJECT|00000016|     |.rodata
digital_pin_to_bit_mask|0000f17e|   r  |            OBJECT|00000016|     |.rodata
__DATA_REGION_ORIGIN__|00803800|   A  |            NOTYPE|        |     |*ABS*
__data_start        |00803800|   D  |            NOTYPE|        |     |.data
Leds::m_brightness  |00803800|   d  |            OBJECT|00000004|     |.data
__malloc_heap_end   |00803804|   D  |            OBJECT|00000002|     |.data
__malloc_heap_start |00803806|   D  |            OBJECT|00000002|     |.data
__malloc_margin     |00803808|   D  |            OBJECT|00000002|     |.data
__bss_start         |0080380a|   B  |            NOTYPE|        |     |.bss
__data_end          |0080380a|   D  |            NOTYPE|        |     |.data
_edata              |0080380a|   D  |            NOTYPE|        |     |.data
g_hsv_rgb_alg       |0080380a|   b  |            OBJECT|00000001|     |.bss
timingStruct        |0080380b|   b  |            OBJECT|0000000a|     |.bss
Leds::m_pinMask     |00803815|   b  |            OBJECT|00000001|     |.bss
Leds::m_port        |00803816|   b  |            OBJECT|00000002|     |.bss
Time::m_prevTime    |00803818|   b  |            OBJECT|00000008|     |.bss
Menus::m_selection  |00803820|   b  |            OBJECT|00000004|     |.bss
Menus::m_pCurMenu   |00803824|   b  |            OBJECT|00000002|     |.bss
Time::m_curTick     |00803826|   b  |            OBJECT|00000008|     |.bss
Menus::m_openTime   |0080382e|   b  |            OBJECT|00000008|     |.bss
Menus::m_menuState  |00803836|   b  |            OBJECT|00000002|     |.bss
g_pButton           |00803838|   b  |            OBJECT|00000002|     |.bss
Modes::m_storedModes|0080383a|   b  |            OBJECT|00000002|     |.bss
Modes::m_curMode    |0080383c|   b  |            OBJECT|00000001|     |.bss
Modes::m_pCurModeLink|0080383d|   b  |            OBJECT|00000002|     |.bss
Modes::m_numModes   |0080383f|   b  |            OBJECT|00000001|     |.bss
menuList            |00803840|   b  |            OBJECT|00000014|     |.bss
Leds::m_ledColors   |00803854|   b  |            OBJECT|00000006|     |.bss
Buttons::m_buttons  |0080385a|   b  |            OBJECT|00000023|     |.bss
IRReceiver::m_irData|0080387d|   b  |            OBJECT|0000000c|     |.bss
IRSender::m_serialBuf|00803889|   b  |            OBJECT|0000000a|     |.bss
IRSender::m_bitStream|00803893|   b  |            OBJECT|0000000c|     |.bss
__brkval            |0080389f|   B  |            OBJECT|00000002|     |.bss
__flp               |008038a1|   B  |            OBJECT|00000002|     |.bss
__bss_end           |008038a3|   B  |            NOTYPE|        |     |.bss
__heap_start        |008038a3|   N  |            NOTYPE|        |     |.comment
_end                |008038a3|   N  |            NOTYPE|        |     |.comment
__eeprom_end        |00810000|   N  |            NOTYPE|        |     |.comment
